// Jest Snapshot v1, https://goo.gl/fbAQLP

exports[`Search Result  renders SearchResult correctly 1`] = `
<div
  className="container"
>
  <div
    className="row"
  >
    <div
      className="flex v-center space-between col"
    >
      <p>
        <span>
          <b>
            0
          </b>
           movies found
        </span>
      </p>
      <p>
        <span
          className="inline mr-8"
        >
          Sort by 
          <b>
            Release date
          </b>
        </span>
        |
        <span
          className="red inline ml-8"
        >
          Rating ___
        </span>
      </p>
    </div>
  </div>
</div>
`;
