// Jest Snapshot v1, https://goo.gl/fbAQLP

exports[`Radio renders correctly 1`] = `
<div
  className="container"
>
  <div
    className="row"
  >
    <div
      className="col"
    >
      <h1
        className="f-large"
      >
        No films found
      </h1>
    </div>
  </div>
</div>
`;
