// Jest Snapshot v1, https://goo.gl/fbAQLP

exports[`User  renders header correctly 1`] = `
<div
  className="User"
>
  <a
    className="User__link black"
    href="#"
  />
</div>
`;
